// Vitest Snapshot v1, https://vitest.dev/guide/snapshot.html

exports[`Exportación de sesión JSON > exportSessionJSON genera la estructura completa y coincide con la snapshot 1`] = `
"{
  "version": "1.0",
  "exportedAt": "2026-10-02T12:00:00.000Z",
  "userId": "QL-TEST-USER",
  "progress": [
    0
  ],
  "metrics": {
    "totalTimeSeconds": 0,
    "missionTimes": {
      "superposition": 0,
      "entanglement": 0,
      "decoherence": 0,
      "applications": 0
    },
    "actions": {
      "superpositionMeasurements": 0,
      "entanglementMeasurements": 0,
      "decoherenceTested": false,
      "applicationsExplored": []
    }
  },
  "activeTab": 0,
  "missionState": {
    "0": {
      "angle": 45,
      "result": 0
    }
  }
}"
`;
